src/app/api/generate-video/route.ts(3,37): error TS2307: Cannot find module '@/remotion/ZodSchema' or its corresponding type declarations.
src/app/api/generate/route.ts(302,9): error TS2322: Type 'LanguageModelV3' is not assignable to type 'LanguageModel'.
  Type 'LanguageModelV3' is not assignable to type 'LanguageModelV2'.
    Types of property 'specificationVersion' are incompatible.
      Type '"v3"' is not assignable to type '"v2"'.
src/app/api/generate/route.ts(326,7): error TS2322: Type 'LanguageModelV3' is not assignable to type 'LanguageModel'.
  Type 'LanguageModelV3' is not assignable to type 'LanguageModelV2'.
    Types of property 'specificationVersion' are incompatible.
      Type '"v3"' is not assignable to type '"v2"'.
src/app/api/generate/route.ts(386,9): error TS2322: Type 'LanguageModelV3' is not assignable to type 'LanguageModel'.
  Type 'LanguageModelV3' is not assignable to type 'LanguageModelV2'.
    Types of property 'specificationVersion' are incompatible.
      Type '"v3"' is not assignable to type '"v2"'.
src/app/api/generate/route.ts(456,7): error TS2322: Type 'LanguageModelV3' is not assignable to type 'LanguageModel'.
  Type 'LanguageModelV3' is not assignable to type 'LanguageModelV2'.
    Types of property 'specificationVersion' are incompatible.
      Type '"v3"' is not assignable to type '"v2"'.
src/app/api/lambda/progress/route.ts(5,8): error TS2307: Cannot find module '@remotion/lambda/client' or its corresponding type declarations.
src/app/api/lambda/progress/route.ts(6,44): error TS2307: Cannot find module '../../../../../config.mjs' or its corresponding type declarations.
src/app/api/lambda/progress/route.ts(7,51): error TS2307: Cannot find module '../../../../../types/schema' or its corresponding type declarations.
src/app/api/lambda/render/route.ts(6,8): error TS2307: Cannot find module '@remotion/lambda/client' or its corresponding type declarations.
src/app/api/lambda/render/route.ts(13,8): error TS2307: Cannot find module '@/remotion-ai/config.mjs' or its corresponding type declarations.
src/app/api/lambda/render/route.ts(14,27): error TS2307: Cannot find module '@/remotion-ai/root-types/constants' or its corresponding type declarations.
src/app/api/lambda/render/route.ts(15,31): error TS2307: Cannot find module '@/remotion-ai/root-types/schema' or its corresponding type declarations.
src/app/api/lambda/render/route.ts(16,28): error TS2307: Cannot find module '@/remotion-ai/helpers/api-response' or its corresponding type declarations.
src/app/api/lambda/render/route.ts(20,10): error TS7006: Parameter 'req' implicitly has an 'any' type.
src/app/api/lambda/render/route.ts(20,15): error TS7006: Parameter 'body' implicitly has an 'any' type.
src/app/login/page.tsx(5,28): error TS2305: Module '"lucide-react"' has no exported member 'Github'.
